// Jest Snapshot v1, https://goo.gl/fbAQLP

exports[`expect ProtectedRoute component to render 1`] = `
<Route
  render={[Function]}
/>
`;
