// Jest Snapshot v1, https://goo.gl/fbAQLP

exports[`My Connected React-Redux Component should render with given state from Redux store 1`] = `
<div
  className="ui grid"
>
  <div
    className="centered row"
  >
    Loading Alphabet Cards...
  </div>
</div>
`;
