// Jest Snapshot v1, https://goo.gl/fbAQLP

exports[`Alphabet Card Container renders without crashing 1`] = `
<div
  className="ui grid"
>
  <div
    className="centered row"
  >
    Loading Alphabet Cards...
  </div>
</div>
`;
