// Jest Snapshot v1, https://goo.gl/fbAQLP

exports[`Dropzone Component Renders without crashing 1`] = `<div />`;
