// Jest Snapshot v1, https://goo.gl/fbAQLP

exports[`AlphabetCard Component Renders 1`] = `undefined`;
